
=== ABLATION OVER FORECAST DRAWS ===
  n=167  K=3  beta=0.05  exclusive pairs=511  portfolios=762,355  draws/mode=100  modes=['none', 'cap', 'match']
  enumerated; 680,868 portfolios hold no exclusive pair
  check lambda=0: QUBO [1, 100, 119]  fast [1, 100, 119]  E_qubo+gK^2=-0.137654  obj=-0.137654  OK
  check lambda=1: QUBO [1, 100, 119]  fast [1, 100, 119]  E_qubo+gK^2=-0.137654  obj=-0.137654  OK

  mode    draws   viol@0  var0/var1  edge0-edge1   paper draw
  ----------------------------------------------------------------------
  none      100     23%      0.313      -0.0101   clean
  cap       100      6%      0.664      -0.0073   clean
  match     100      2%      0.775      -0.0055   clean

  most frequently violated events (all modes):
       7  SENATETX-26
       4  SENATEOHS-26
       4  CONTROLS-2026
       4  KXOSCARPIC-27
       3  SENATEMI-26
       2  KXFEDDECISION-26SEP
       2  SENATEME-26
       2  KXBALLONDOR-26

  wrote ablation_many_b0.05.csv and ablation_many_b0.05_summary.csv

